NOTE: Unfortunately, this only includes the log after Exercise 1.

>>> range(1, 21)
range(1, 21)
>>> one_to_twenty = range(1, 21)
>>> one_to_twenty
range(1, 21)
>>> [1 / x for x in one_to_twenty]
[1.0, 0.5, 0.3333333333333333, 0.25, 0.2, 0.16666666666666666, 0.14285714285714285, 0.125, 0.1111111111111111, 0.1, 0.09090909090909091, 0.08333333333333333, 0.07692307692307693, 0.07142857142857142, 0.06666666666666667, 0.0625, 0.058823529411764705, 0.05555555555555555, 0.05263157894736842, 0.05]
>>> s = 'nonsense' * 100
>>> s
'nonsensenonsensenonsensenonsensenonsensenonsensenonsensenonsensenonsensenonsensenonsensenonsensenonsensenonsensenonsensenonsensenonsensenonsensenonsensenonsensenonsensenonsensenonsensenonsensenonsensenonsensenonsensenonsensenonsensenonsensenonsensenonsensenonsensenonsensenonsensenonsensenonsensenonsensenonsensenonsensenonsensenonsensenonsensenonsensenonsensenonsensenonsensenonsensenonsensenonsensenonsensenonsensenonsensenonsensenonsensenonsensenonsensenonsensenonsensenonsensenonsensenonsensenonsensenonsensenonsensenonsensenonsensenonsensenonsensenonsensenonsensenonsensenonsensenonsensenonsensenonsensenonsensenonsensenonsensenonsensenonsensenonsensenonsensenonsensenonsensenonsensenonsensenonsensenonsensenonsensenonsensenonsensenonsensenonsensenonsensenonsensenonsensenonsensenonsensenonsense'
>>> s[0]
'n'
>>> s[1]
'o'
>>> s[2]
'n'
>>> [s[0], s[1], s[2], s[3], s[4]]
['n', 'o', 'n', 's', 'e']
>>> [x for x in range(0, 20)]
[0, 1, 2, 3, 4, 5, 6, 7, 8, 9, 10, 11, 12, 13, 14, 15, 16, 17, 18, 19]
>>> [s[x] for x in range(0, 20)]
['n', 'o', 'n', 's', 'e', 'n', 's', 'e', 'n', 'o', 'n', 's', 'e', 'n', 's', 'e', 'n', 'o', 'n', 's']
>>> [s[i] for i in range(0, 20)]
['n', 'o', 'n', 's', 'e', 'n', 's', 'e', 'n', 'o', 'n', 's', 'e', 'n', 's', 'e', 'n', 'o', 'n', 's']
>>> set1 = {1, 2}
>>> set2 = {10, 20}
>>> {(x, y) for x in set1 for y in set2}
{(2, 20), (2, 10), (1, 20), (1, 10)}
>>> {(a, b) for a in set1}
Traceback (most recent call last):
  File "C:\Users\David\AppData\Local\Programs\Python\Python310\lib\code.py", line 90, in runcode
    exec(code, self.locals)
  File "<input>", line 1, in <module>
  File "<input>", line 1, in <setcomp>
NameError: name 'b' is not defined
>>> {(x, y) for x in range(0, 20) for y in range(100, 120)}
{(4, 119), (1, 104), (13, 106), (16, 102), (1, 113), (16, 111), (5, 101), (8, 103), (19, 103), (8, 112), (19, 112), (0, 108), (11, 108), (0, 117), (11, 117), (12, 100), (12, 109), (4, 105), (12, 118), (4, 114), (13, 101), (1, 108), (16, 106), (15, 110), (15, 119), (7, 115), (18, 115), (8, 107), (19, 107), (0, 103), (11, 103), (8, 116), (19, 116), (0, 112), (11, 112), (12, 104), (4, 100), (12, 113), (4, 109), (4, 118), (1, 103), (15, 105), (15, 114), (7, 110), (18, 110), (7, 119), (18, 119), (8, 102), (19, 102), (8, 111), (19, 111), (0, 107), (11, 107), (0, 116), (11, 116), (4, 104), (3, 117), (14, 117), (15, 100), (15, 109), (7, 105), (18, 105), (15, 118), (7, 114), (18, 114), (8, 106), (19, 106), (0, 102), (11, 102), (19, 115), (0, 111), (11, 111), (3, 103), (14, 103), (3, 112), (14, 112), (15, 104), (7, 100), (18, 100), (15, 113), (7, 109), (18, 109), (7, 118), (18, 118), (8, 101), (19, 101), (0, 106), (11, 106), (10, 110), (10, 119), (2, 115), (3, 107), (14, 107), (3, 116), (14, 116), (15, 108), (7, 104), (18, 104), (7, 113), (18, 113), (6, 117), (10, 105), (10, 114), (2, 110), (2, 119), (14, 102), (3, 102), (14, 111), (3, 111), (15, 103), (18, 108), (6, 112), (10, 100), (10, 109), (2, 105), (10, 118), (2, 114), (3, 106), (14, 106), (14, 115), (17, 108), (17, 117), (9, 113), (6, 107), (6, 116), (10, 104), (2, 100), (10, 113), (2, 109), (2, 118), (13, 115), (3, 101), (14, 101), (17, 103), (5, 110), (17, 112), (9, 108), (5, 119), (9, 117), (6, 102), (6, 111), (10, 108), (2, 104), (2, 113), (13, 110), (1, 117), (13, 119), (16, 115), (5, 105), (17, 107), (9, 103), (5, 114), (17, 116), (9, 112), (6, 106), (6, 115), (10, 103), (13, 105), (16, 101), (1, 112), (13, 114), (16, 110), (16, 119), (5, 100), (17, 102), (5, 109), (17, 111), (9, 107), (5, 118), (9, 116), (6, 101), (6, 110), (12, 108), (12, 117), (4, 113), (13, 100), (1, 107), (13, 109), (16, 105), (1, 116), (13, 118), (16, 114), (5, 104), (17, 106), (9, 102), (5, 113), (9, 111), (8, 115), (12, 103), (12, 112), (4, 108), (4, 117), (1, 102), (13, 104), (16, 100), (1, 111), (13, 113), (16, 109), (16, 118), (17, 101), (5, 108), (8, 110), (19, 110), (8, 119), (19, 119), (0, 115), (11, 115), (12, 107), (4, 103), (12, 116), (4, 112), (1, 106), (13, 108), (16, 104), (1, 115), (16, 113), (15, 117), (5, 103), (8, 105), (19, 105), (0, 101), (11, 101), (8, 114), (19, 114), (0, 110), (11, 110), (0, 119), (11, 119), (12, 102), (12, 111), (4, 107), (4, 116), (1, 101), (1, 110), (15, 112), (7, 108), (7, 117), (18, 117), (8, 100), (19, 100), (8, 109), (19, 109), (0, 105), (11, 105), (8, 118), (19, 118), (0, 114), (11, 114), (12, 106), (4, 102), (4, 111), (3, 115), (15, 107), (7, 103), (18, 103), (15, 116), (7, 112), (18, 112), (8, 104), (19, 104), (0, 100), (11, 100), (8, 113), (19, 113), (0, 109), (11, 109), (0, 118), (11, 118), (12, 101), (4, 106), (14, 110), (3, 110), (3, 119), (14, 119), (15, 102), (15, 111), (7, 107), (18, 107), (7, 116), (18, 116), (8, 108), (19, 108), (0, 104), (11, 104), (0, 113), (11, 113), (10, 117), (3, 105), (14, 105), (3, 114), (14, 114), (15, 106), (7, 102), (18, 102), (15, 115), (7, 111), (18, 111), (10, 112), (2, 108), (2, 117), (3, 100), (14, 100), (3, 109), (14, 109), (3, 118), (14, 118), (15, 101), (7, 106), (18, 106), (6, 119), (10, 107), (2, 103), (10, 116), (2, 112), (3, 104), (14, 104), (3, 113), (14, 113), (17, 115), (7, 101), (18, 101), (6, 105), (6, 114), (10, 102), (10, 111), (2, 107), (2, 116), (3, 108), (14, 108), (17, 110), (9, 106), (5, 117), (17, 119), (9, 115), (6, 100), (6, 109), (6, 118), (10, 106), (2, 102), (10, 115), (2, 111), (13, 117), (17, 105), (9, 101), (5, 112), (17, 114), (9, 110), (9, 119), (6, 104), (6, 113), (10, 101), (2, 106), (13, 103), (13, 112), (16, 108), (1, 119), (16, 117), (17, 100), (5, 107), (17, 109), (9, 105), (5, 116), (17, 118), (9, 114), (6, 108), (12, 115), (2, 101), (1, 105), (13, 107), (16, 103), (1, 114), (13, 116), (16, 112), (5, 102), (17, 104), (9, 100), (5, 111), (17, 113), (9, 109), (9, 118), (6, 103), (12, 110), (12, 119), (4, 115), (1, 100), (13, 102), (1, 109), (13, 111), (16, 107), (1, 118), (16, 116), (5, 106), (9, 104), (5, 115), (8, 117), (19, 117), (12, 105), (4, 101), (12, 114), (4, 110)}
>>> abs(5)
5
>>> abs(-5)
5
>>> len({10, 20, 30})
3
>>> len({(x, y) for x in range(0, 20) for y in range(100, 120)})
400
>>> len('David')
5
>>> sum({10, 20, 30})
60
>>> max({10, 20, 30})
30
>>> sum({10, 20, 'hi'})
Traceback (most recent call last):
  File "C:\Users\David\AppData\Local\Programs\Python\Python310\lib\code.py", line 90, in runcode
    exec(code, self.locals)
  File "<input>", line 1, in <module>
TypeError: unsupported operand type(s) for +: 'int' and 'str'
>>> sorted({10, 20, -6, 0})
[-6, 0, 10, 20]
>>> sorted(10, 20, -6, 0)
Traceback (most recent call last):
  File "C:\Users\David\AppData\Local\Programs\Python\Python310\lib\code.py", line 90, in runcode
    exec(code, self.locals)
  File "<input>", line 1, in <module>
TypeError: sorted expected 1 argument, got 4
>>> type(3)
<class 'int'>
>>> type(True)
<class 'bool'>
>>> type([1, 2, 3])
<class 'list'>
>>> type(['David', 'is', 'cool'])
<class 'list'>
>>> type(abs)
<class 'builtin_function_or_method'>
>>> help(abs)
Help on built-in function abs in module builtins:
abs(x, /)
    Return the absolute value of the argument.
>>> one_to_twenty
range(1, 21)
>>> type(one_to_twenty)
<class 'range'>
>>> numbers = [-1, 2, 3, -999, 1000]
>>> {x for x in numbers}
{2, 3, 1000, -999, -1}
>>> {abs(x) for x in numbers}
{1, 2, 3, 999, 1000}
>>> numbers = [-1, 2, 3, -999, 1000, 999]
>>> numbers
[-1, 2, 3, -999, 1000, 999]
>>> {abs(x) for x in numbers}
{1, 2, 3, 999, 1000}
